{
  "ItemList": [],
  "Paging": {
    "PageSize": 50,
    "TotalCount": 4194
  }
}