{
  "ItemList": [
    {
      "SiteID": "atcoder",
      "ProblemID": "abc117_a",
      "SubmissionID": "4156454",
      "ContestID": "abc117",
      "Status": "WA",
      "Language": "C++14 (GCC 5.4.1)",
      "SubmittedAt": "2019-02-03T21:09:16+09:00",
      "SubmissionURL": {
        "Scheme": "https",
        "Opaque": "",
        "User": null,
        "Host": "atcoder.jp",
        "Path": "/contests/abc117/submissions/4156454",
        "RawPath": "",
        "OmitHost": false,
        "ForceQuery": false,
        "RawQuery": "",
        "Fragment": "",
        "RawFragment": ""
      }
    },
    {
      "SiteID": "atcoder",
      "ProblemID": "abc117_a",
      "SubmissionID": "4160453",
      "ContestID": "abc117",
      "Status": "AC",
      "Language": "C++14 (GCC 5.4.1)",
      "SubmittedAt": "2019-02-03T21:39:13+09:00",
      "SubmissionURL": {
        "Scheme": "https",
        "Opaque": "",
        "User": null,
        "Host": "atcoder.jp",
        "Path": "/contests/abc117/submissions/4160453",
        "RawPath": "",
        "OmitHost": false,
        "ForceQuery": false,
        "RawQuery": "",
        "Fragment": "",
        "RawFragment": ""
      }
    },
    {
      "SiteID": "atcoder",
      "ProblemID": "abc117_a",
      "SubmissionID": "4163509",
      "ContestID": "abc117",
      "Status": "WA",
      "Language": "C++14 (GCC 5.4.1)",
      "SubmittedAt": "2019-02-03T22:10:59+09:00",
      "SubmissionURL": {
        "Scheme": "https",
        "Opaque": "",
        "User": null,
        "Host": "atcoder.jp",
        "Path": "/contests/abc117/submissions/4163509",
        "RawPath": "",
        "OmitHost": false,
        "ForceQuery": false,
        "RawQuery": "",
        "Fragment": "",
        "RawFragment": ""
      }
    },
    {
      "SiteID": "atcoder",
      "ProblemID": "abc117_b",
      "SubmissionID": "4166018",
      "ContestID": "abc117",
      "Status": "WA",
      "Language": "C++14 (GCC 5.4.1)",
      "SubmittedAt": "2019-02-03T22:37:38+09:00",
      "SubmissionURL": {
        "Scheme": "https",
        "Opaque": "",
        "User": null,
        "Host": "atcoder.jp",
        "Path": "/contests/abc117/submissions/4166018",
        "RawPath": "",
        "OmitHost": false,
        "ForceQuery": false,
        "RawQuery": "",
        "Fragment": "",
        "RawFragment": ""
      }
    },
    {
      "SiteID": "atcoder",
      "ProblemID": "abc117_b",
      "SubmissionID": "4172219",
      "ContestID": "abc117",
      "Status": "RE",
      "Language": "C++14 (GCC 5.4.1)",
      "SubmittedAt": "2019-02-04T17:11:56+09:00",
      "SubmissionURL": {
        "Scheme": "https",
        "Opaque": "",
        "User": null,
        "Host": "atcoder.jp",
        "Path": "/contests/abc117/submissions/4172219",
        "RawPath": "",
        "OmitHost": false,
        "ForceQuery": false,
        "RawQuery": "",
        "Fragment": "",
        "RawFragment": ""
      }
    },
    {
      "SiteID": "atcoder",
      "ProblemID": "abc117_a",
      "SubmissionID": "4172231",
      "ContestID": "abc117",
      "Status": "RE",
      "Language": "C++14 (GCC 5.4.1)",
      "SubmittedAt": "2019-02-04T17:13:31+09:00",
      "SubmissionURL": {
        "Scheme": "https",
        "Opaque": "",
        "User": null,
        "Host": "atcoder.jp",
        "Path": "/contests/abc117/submissions/4172231",
        "RawPath": "",
        "OmitHost": false,
        "ForceQuery": false,
        "RawQuery": "",
        "Fragment": "",
        "RawFragment": ""
      }
    },
    {
      "SiteID": "atcoder",
      "ProblemID": "abc118_a",
      "SubmissionID": "4287443",
      "ContestID": "abc118",
      "Status": "WA",
      "Language": "C++14 (GCC 5.4.1)",
      "SubmittedAt": "2019-02-16T21:52:25+09:00",
      "SubmissionURL": {
        "Scheme": "https",
        "Opaque": "",
        "User": null,
        "Host": "atcoder.jp",
        "Path": "/contests/abc118/submissions/4287443",
        "RawPath": "",
        "OmitHost": false,
        "ForceQuery": false,
        "RawQuery": "",
        "Fragment": "",
        "RawFragment": ""
      }
    },
    {
      "SiteID": "atcoder",
      "ProblemID": "abc119_b",
      "SubmissionID": "4374967",
      "ContestID": "abc119",
      "Status": "RE",
      "Language": "C++14 (GCC 5.4.1)",
      "SubmittedAt": "2019-02-24T22:03:20+09:00",
      "SubmissionURL": {
        "Scheme": "https",
        "Opaque": "",
        "User": null,
        "Host": "atcoder.jp",
        "Path": "/contests/abc119/submissions/4374967",
        "RawPath": "",
        "OmitHost": false,
        "ForceQuery": false,
        "RawQuery": "",
        "Fragment": "",
        "RawFragment": ""
      }
    },
    {
      "SiteID": "atcoder",
      "ProblemID": "abc119_a",
      "SubmissionID": "4376589",
      "ContestID": "abc119",
      "Status": "WA",
      "Language": "C++14 (GCC 5.4.1)",
      "SubmittedAt": "2019-02-24T22:35:06+09:00",
      "SubmissionURL": {
        "Scheme": "https",
        "Opaque": "",
        "User": null,
        "Host": "atcoder.jp",
        "Path": "/contests/abc119/submissions/4376589",
        "RawPath": "",
        "OmitHost": false,
        "ForceQuery": false,
        "RawQuery": "",
        "Fragment": "",
        "RawFragment": ""
      }
    },
    {
      "SiteID": "atcoder",
      "ProblemID": "abc119_a",
      "SubmissionID": "4376643",
      "ContestID": "abc119",
      "Status": "WA",
      "Language": "C++14 (GCC 5.4.1)",
      "SubmittedAt": "2019-02-24T22:35:58+09:00",
      "SubmissionURL": {
        "Scheme": "https",
        "Opaque": "",
        "User": null,
        "Host": "atcoder.jp",
        "Path": "/contests/abc119/submissions/4376643",
        "RawPath": "",
        "OmitHost": false,
        "ForceQuery": false,
        "RawQuery": "",
        "Fragment": "",
        "RawFragment": ""
      }
    },
    {
      "SiteID": "atcoder",
      "ProblemID": "abc119_a",
      "SubmissionID": "4376731",
      "ContestID": "abc119",
      "Status": "AC",
      "Language": "C++14 (GCC 5.4.1)",
      "SubmittedAt": "2019-02-24T22:37:13+09:00",
      "SubmissionURL": {
        "Scheme": "https",
        "Opaque": "",
        "User": null,
        "Host": "atcoder.jp",
        "Path": "/contests/abc119/submissions/4376731",
        "RawPath": "",
        "OmitHost": false,
        "ForceQuery": false,
        "RawQuery": "",
        "Fragment": "",
        "RawFragment": ""
      }
    },
    {
      "SiteID": "atcoder",
      "ProblemID": "abc120_a",
      "SubmissionID": "4445198",
      "ContestID": "abc120",
      "Status": "TLE",
      "Language": "C++14 (GCC 5.4.1)",
      "SubmittedAt": "2019-03-03T21:05:53+09:00",
      "SubmissionURL": {
        "Scheme": "https",
        "Opaque": "",
        "User": null,
        "Host": "atcoder.jp",
        "Path": "/contests/abc120/submissions/4445198",
        "RawPath": "",
        "OmitHost": false,
        "ForceQuery": false,
        "RawQuery": "",
        "Fragment": "",
        "RawFragment": ""
      }
    },
    {
      "SiteID": "atcoder",
      "ProblemID": "abc120_a",
      "SubmissionID": "4447275",
      "ContestID": "abc120",
      "Status": "WA",
      "Language": "C++14 (GCC 5.4.1)",
      "SubmittedAt": "2019-03-03T21:11:21+09:00",
      "SubmissionURL": {
        "Scheme": "https",
        "Opaque": "",
        "User": null,
        "Host": "atcoder.jp",
        "Path": "/contests/abc120/submissions/4447275",
        "RawPath": "",
        "OmitHost": false,
        "ForceQuery": false,
        "RawQuery": "",
        "Fragment": "",
        "RawFragment": ""
      }
    },
    {
      "SiteID": "atcoder",
      "ProblemID": "abc120_a",
      "SubmissionID": "4448455",
      "ContestID": "abc120",
      "Status": "AC",
      "Language": "C++14 (GCC 5.4.1)",
      "SubmittedAt": "2019-03-03T21:14:44+09:00",
      "SubmissionURL": {
        "Scheme": "https",
        "Opaque": "",
        "User": null,
        "Host": "atcoder.jp",
        "Path": "/contests/abc120/submissions/4448455",
        "RawPath": "",
        "OmitHost": false,
        "ForceQuery": false,
        "RawQuery": "",
        "Fragment": "",
        "RawFragment": ""
      }
    },
    {
      "SiteID": "atcoder",
      "ProblemID": "abc120_b",
      "SubmissionID": "4451945",
      "ContestID": "abc120",
      "Status": "RE",
      "Language": "C++14 (GCC 5.4.1)",
      "SubmittedAt": "2019-03-03T21:31:22+09:00",
      "SubmissionURL": {
        "Scheme": "https",
        "Opaque": "",
        "User": null,
        "Host": "atcoder.jp",
        "Path": "/contests/abc120/submissions/4451945",
        "RawPath": "",
        "OmitHost": false,
        "ForceQuery": false,
        "RawQuery": "",
        "Fragment": "",
        "RawFragment": ""
      }
    },
    {
      "SiteID": "atcoder",
      "ProblemID": "abc120_b",
      "SubmissionID": "4453674",
      "ContestID": "abc120",
      "Status": "CE",
      "Language": "C++14 (GCC 5.4.1)",
      "SubmittedAt": "2019-03-03T21:43:46+09:00",
      "SubmissionURL": {
        "Scheme": "https",
        "Opaque": "",
        "User": null,
        "Host": "atcoder.jp",
        "Path": "/contests/abc120/submissions/4453674",
        "RawPath": "",
        "OmitHost": false,
        "ForceQuery": false,
        "RawQuery": "",
        "Fragment": "",
        "RawFragment": ""
      }
    },
    {
      "SiteID": "atcoder",
      "ProblemID": "abc120_b",
      "SubmissionID": "4453946",
      "ContestID": "abc120",
      "Status": "WA",
      "Language": "C++14 (GCC 5.4.1)",
      "SubmittedAt": "2019-03-03T21:46:09+09:00",
      "SubmissionURL": {
        "Scheme": "https",
        "Opaque": "",
        "User": null,
        "Host": "atcoder.jp",
        "Path": "/contests/abc120/submissions/4453946",
        "RawPath": "",
        "OmitHost": false,
        "ForceQuery": false,
        "RawQuery": "",
        "Fragment": "",
        "RawFragment": ""
      }
    },
    {
      "SiteID": "atcoder",
      "ProblemID": "abc120_b",
      "SubmissionID": "4456827",
      "ContestID": "abc120",
      "Status": "WA",
      "Language": "C++14 (GCC 5.4.1)",
      "SubmittedAt": "2019-03-03T22:16:19+09:00",
      "SubmissionURL": {
        "Scheme": "https",
        "Opaque": "",
        "User": null,
        "Host": "atcoder.jp",
        "Path": "/contests/abc120/submissions/4456827",
        "RawPath": "",
        "OmitHost": false,
        "ForceQuery": false,
        "RawQuery": "",
        "Fragment": "",
        "RawFragment": ""
      }
    },
    {
      "SiteID": "atcoder",
      "ProblemID": "abc120_b",
      "SubmissionID": "4456930",
      "ContestID": "abc120",
      "Status": "AC",
      "Language": "C++14 (GCC 5.4.1)",
      "SubmittedAt": "2019-03-03T22:17:14+09:00",
      "SubmissionURL": {
        "Scheme": "https",
        "Opaque": "",
        "User": null,
        "Host": "atcoder.jp",
        "Path": "/contests/abc120/submissions/4456930",
        "RawPath": "",
        "OmitHost": false,
        "ForceQuery": false,
        "RawQuery": "",
        "Fragment": "",
        "RawFragment": ""
      }
    },
    {
      "SiteID": "atcoder",
      "ProblemID": "abc122_a",
      "SubmissionID": "4687773",
      "ContestID": "abc122",
      "Status": "AC",
      "Language": "C++14 (GCC 5.4.1)",
      "SubmittedAt": "2019-03-24T21:05:21+09:00",
      "SubmissionURL": {
        "Scheme": "https",
        "Opaque": "",
        "User": null,
        "Host": "atcoder.jp",
        "Path": "/contests/abc122/submissions/4687773",
        "RawPath": "",
        "OmitHost": false,
        "ForceQuery": false,
        "RawQuery": "",
        "Fragment": "",
        "RawFragment": ""
      }
    },
    {
      "SiteID": "atcoder",
      "ProblemID": "abc122_b",
      "SubmissionID": "4693184",
      "ContestID": "abc122",
      "Status": "AC",
      "Language": "C++14 (GCC 5.4.1)",
      "SubmittedAt": "2019-03-24T21:25:55+09:00",
      "SubmissionURL": {
        "Scheme": "https",
        "Opaque": "",
        "User": null,
        "Host": "atcoder.jp",
        "Path": "/contests/abc122/submissions/4693184",
        "RawPath": "",
        "OmitHost": false,
        "ForceQuery": false,
        "RawQuery": "",
        "Fragment": "",
        "RawFragment": ""
      }
    },
    {
      "SiteID": "atcoder",
      "ProblemID": "abc122_c",
      "SubmissionID": "4697640",
      "ContestID": "abc122",
      "Status": "WA",
      "Language": "C++14 (GCC 5.4.1)",
      "SubmittedAt": "2019-03-24T21:57:57+09:00",
      "SubmissionURL": {
        "Scheme": "https",
        "Opaque": "",
        "User": null,
        "Host": "atcoder.jp",
        "Path": "/contests/abc122/submissions/4697640",
        "RawPath": "",
        "OmitHost": false,
        "ForceQuery": false,
        "RawQuery": "",
        "Fragment": "",
        "RawFragment": ""
      }
    },
    {
      "SiteID": "atcoder",
      "ProblemID": "exawizards2019_a",
      "SubmissionID": "4766223",
      "ContestID": "exawizards2019",
      "Status": "WA",
      "Language": "C++14 (GCC 5.4.1)",
      "SubmittedAt": "2019-03-30T21:05:26+09:00",
      "SubmissionURL": {
        "Scheme": "https",
        "Opaque": "",
        "User": null,
        "Host": "atcoder.jp",
        "Path": "/contests/exawizards2019/submissions/4766223",
        "RawPath": "",
        "OmitHost": false,
        "ForceQuery": false,
        "RawQuery": "",
        "Fragment": "",
        "RawFragment": ""
      }
    },
    {
      "SiteID": "atcoder",
      "ProblemID": "exawizards2019_a",
      "SubmissionID": "4767573",
      "ContestID": "exawizards2019",
      "Status": "AC",
      "Language": "C++14 (GCC 5.4.1)",
      "SubmittedAt": "2019-03-30T21:09:24+09:00",
      "SubmissionURL": {
        "Scheme": "https",
        "Opaque": "",
        "User": null,
        "Host": "atcoder.jp",
        "Path": "/contests/exawizards2019/submissions/4767573",
        "RawPath": "",
        "OmitHost": false,
        "ForceQuery": false,
        "RawQuery": "",
        "Fragment": "",
        "RawFragment": ""
      }
    },
    {
      "SiteID": "atcoder",
      "ProblemID": "exawizards2019_b",
      "SubmissionID": "4768887",
      "ContestID": "exawizards2019",
      "Status": "AC",
      "Language": "C++14 (GCC 5.4.1)",
      "SubmittedAt": "2019-03-30T21:19:18+09:00",
      "SubmissionURL": {
        "Scheme": "https",
        "Opaque": "",
        "User": null,
        "Host": "atcoder.jp",
        "Path": "/contests/exawizards2019/submissions/4768887",
        "RawPath": "",
        "OmitHost": false,
        "ForceQuery": false,
        "RawQuery": "",
        "Fragment": "",
        "RawFragment": ""
      }
    },
    {
      "SiteID": "atcoder",
      "ProblemID": "exawizards2019_c",
      "SubmissionID": "4772249",
      "ContestID": "exawizards2019",
      "Status": "RE",
      "Language": "C++14 (GCC 5.4.1)",
      "SubmittedAt": "2019-03-30T22:05:40+09:00",
      "SubmissionURL": {
        "Scheme": "https",
        "Opaque": "",
        "User": null,
        "Host": "atcoder.jp",
        "Path": "/contests/exawizards2019/submissions/4772249",
        "RawPath": "",
        "OmitHost": false,
        "ForceQuery": false,
        "RawQuery": "",
        "Fragment": "",
        "RawFragment": ""
      }
    },
    {
      "SiteID": "atcoder",
      "ProblemID": "abc123_a",
      "SubmissionID": "4846033",
      "ContestID": "abc123",
      "Status": "WA",
      "Language": "C++14 (GCC 5.4.1)",
      "SubmittedAt": "2019-04-06T21:09:52+09:00",
      "SubmissionURL": {
        "Scheme": "https",
        "Opaque": "",
        "User": null,
        "Host": "atcoder.jp",
        "Path": "/contests/abc123/submissions/4846033",
        "RawPath": "",
        "OmitHost": false,
        "ForceQuery": false,
        "RawQuery": "",
        "Fragment": "",
        "RawFragment": ""
      }
    },
    {
      "SiteID": "atcoder",
      "ProblemID": "abc123_a",
      "SubmissionID": "4846829",
      "ContestID": "abc123",
      "Status": "WA",
      "Language": "C++14 (GCC 5.4.1)",
      "SubmittedAt": "2019-04-06T21:12:34+09:00",
      "SubmissionURL": {
        "Scheme": "https",
        "Opaque": "",
        "User": null,
        "Host": "atcoder.jp",
        "Path": "/contests/abc123/submissions/4846829",
        "RawPath": "",
        "OmitHost": false,
        "ForceQuery": false,
        "RawQuery": "",
        "Fragment": "",
        "RawFragment": ""
      }
    },
    {
      "SiteID": "atcoder",
      "ProblemID": "abc123_a",
      "SubmissionID": "4847510",
      "ContestID": "abc123",
      "Status": "WA",
      "Language": "C++14 (GCC 5.4.1)",
      "SubmittedAt": "2019-04-06T21:14:52+09:00",
      "SubmissionURL": {
        "Scheme": "https",
        "Opaque": "",
        "User": null,
        "Host": "atcoder.jp",
        "Path": "/contests/abc123/submissions/4847510",
        "RawPath": "",
        "OmitHost": false,
        "ForceQuery": false,
        "RawQuery": "",
        "Fragment": "",
        "RawFragment": ""
      }
    },
    {
      "SiteID": "atcoder",
      "ProblemID": "abc123_a",
      "SubmissionID": "4850375",
      "ContestID": "abc123",
      "Status": "WA",
      "Language": "C++14 (GCC 5.4.1)",
      "SubmittedAt": "2019-04-06T21:26:00+09:00",
      "SubmissionURL": {
        "Scheme": "https",
        "Opaque": "",
        "User": null,
        "Host": "atcoder.jp",
        "Path": "/contests/abc123/submissions/4850375",
        "RawPath": "",
        "OmitHost": false,
        "ForceQuery": false,
        "RawQuery": "",
        "Fragment": "",
        "RawFragment": ""
      }
    },
    {
      "SiteID": "atcoder",
      "ProblemID": "abc123_a",
      "SubmissionID": "4852055",
      "ContestID": "abc123",
      "Status": "WA",
      "Language": "C++14 (GCC 5.4.1)",
      "SubmittedAt": "2019-04-06T21:33:40+09:00",
      "SubmissionURL": {
        "Scheme": "https",
        "Opaque": "",
        "User": null,
        "Host": "atcoder.jp",
        "Path": "/contests/abc123/submissions/4852055",
        "RawPath": "",
        "OmitHost": false,
        "ForceQuery": false,
        "RawQuery": "",
        "Fragment": "",
        "RawFragment": ""
      }
    },
    {
      "SiteID": "atcoder",
      "ProblemID": "abc123_a",
      "SubmissionID": "4852444",
      "ContestID": "abc123",
      "Status": "AC",
      "Language": "C++14 (GCC 5.4.1)",
      "SubmittedAt": "2019-04-06T21:35:45+09:00",
      "SubmissionURL": {
        "Scheme": "https",
        "Opaque": "",
        "User": null,
        "Host": "atcoder.jp",
        "Path": "/contests/abc123/submissions/4852444",
        "RawPath": "",
        "OmitHost": false,
        "ForceQuery": false,
        "RawQuery": "",
        "Fragment": "",
        "RawFragment": ""
      }
    },
    {
      "SiteID": "atcoder",
      "ProblemID": "abc123_b",
      "SubmissionID": "4857631",
      "ContestID": "abc123",
      "Status": "WA",
      "Language": "C++14 (GCC 5.4.1)",
      "SubmittedAt": "2019-04-06T22:07:10+09:00",
      "SubmissionURL": {
        "Scheme": "https",
        "Opaque": "",
        "User": null,
        "Host": "atcoder.jp",
        "Path": "/contests/abc123/submissions/4857631",
        "RawPath": "",
        "OmitHost": false,
        "ForceQuery": false,
        "RawQuery": "",
        "Fragment": "",
        "RawFragment": ""
      }
    },
    {
      "SiteID": "atcoder",
      "ProblemID": "abc123_b",
      "SubmissionID": "4860908",
      "ContestID": "abc123",
      "Status": "WA",
      "Language": "C++14 (GCC 5.4.1)",
      "SubmittedAt": "2019-04-06T22:29:55+09:00",
      "SubmissionURL": {
        "Scheme": "https",
        "Opaque": "",
        "User": null,
        "Host": "atcoder.jp",
        "Path": "/contests/abc123/submissions/4860908",
        "RawPath": "",
        "OmitHost": false,
        "ForceQuery": false,
        "RawQuery": "",
        "Fragment": "",
        "RawFragment": ""
      }
    },
    {
      "SiteID": "atcoder",
      "ProblemID": "abc123_b",
      "SubmissionID": "4861062",
      "ContestID": "abc123",
      "Status": "WA",
      "Language": "C++14 (GCC 5.4.1)",
      "SubmittedAt": "2019-04-06T22:30:54+09:00",
      "SubmissionURL": {
        "Scheme": "https",
        "Opaque": "",
        "User": null,
        "Host": "atcoder.jp",
        "Path": "/contests/abc123/submissions/4861062",
        "RawPath": "",
        "OmitHost": false,
        "ForceQuery": false,
        "RawQuery": "",
        "Fragment": "",
        "RawFragment": ""
      }
    },
    {
      "SiteID": "atcoder",
      "ProblemID": "abc123_b",
      "SubmissionID": "4862475",
      "ContestID": "abc123",
      "Status": "WA",
      "Language": "C++14 (GCC 5.4.1)",
      "SubmittedAt": "2019-04-06T22:39:03+09:00",
      "SubmissionURL": {
        "Scheme": "https",
        "Opaque": "",
        "User": null,
        "Host": "atcoder.jp",
        "Path": "/contests/abc123/submissions/4862475",
        "RawPath": "",
        "OmitHost": false,
        "ForceQuery": false,
        "RawQuery": "",
        "Fragment": "",
        "RawFragment": ""
      }
    },
    {
      "SiteID": "atcoder",
      "ProblemID": "abc123_b",
      "SubmissionID": "4863056",
      "ContestID": "abc123",
      "Status": "WA",
      "Language": "C++14 (GCC 5.4.1)",
      "SubmittedAt": "2019-04-06T22:42:06+09:00",
      "SubmissionURL": {
        "Scheme": "https",
        "Opaque": "",
        "User": null,
        "Host": "atcoder.jp",
        "Path": "/contests/abc123/submissions/4863056",
        "RawPath": "",
        "OmitHost": false,
        "ForceQuery": false,
        "RawQuery": "",
        "Fragment": "",
        "RawFragment": ""
      }
    },
    {
      "SiteID": "atcoder",
      "ProblemID": "abc123_b",
      "SubmissionID": "4863173",
      "ContestID": "abc123",
      "Status": "AC",
      "Language": "C++14 (GCC 5.4.1)",
      "SubmittedAt": "2019-04-06T22:43:50+09:00",
      "SubmissionURL": {
        "Scheme": "https",
        "Opaque": "",
        "User": null,
        "Host": "atcoder.jp",
        "Path": "/contests/abc123/submissions/4863173",
        "RawPath": "",
        "OmitHost": false,
        "ForceQuery": false,
        "RawQuery": "",
        "Fragment": "",
        "RawFragment": ""
      }
    },
    {
      "SiteID": "atcoder",
      "ProblemID": "abc124_a",
      "SubmissionID": "4940976",
      "ContestID": "abc124",
      "Status": "AC",
      "Language": "C++14 (GCC 5.4.1)",
      "SubmittedAt": "2019-04-13T21:04:33+09:00",
      "SubmissionURL": {
        "Scheme": "https",
        "Opaque": "",
        "User": null,
        "Host": "atcoder.jp",
        "Path": "/contests/abc124/submissions/4940976",
        "RawPath": "",
        "OmitHost": false,
        "ForceQuery": false,
        "RawQuery": "",
        "Fragment": "",
        "RawFragment": ""
      }
    },
    {
      "SiteID": "atcoder",
      "ProblemID": "abc124_b",
      "SubmissionID": "4949502",
      "ContestID": "abc124",
      "Status": "WA",
      "Language": "C++14 (GCC 5.4.1)",
      "SubmittedAt": "2019-04-13T21:25:14+09:00",
      "SubmissionURL": {
        "Scheme": "https",
        "Opaque": "",
        "User": null,
        "Host": "atcoder.jp",
        "Path": "/contests/abc124/submissions/4949502",
        "RawPath": "",
        "OmitHost": false,
        "ForceQuery": false,
        "RawQuery": "",
        "Fragment": "",
        "RawFragment": ""
      }
    },
    {
      "SiteID": "atcoder",
      "ProblemID": "abc124_b",
      "SubmissionID": "4952898",
      "ContestID": "abc124",
      "Status": "WA",
      "Language": "C++14 (GCC 5.4.1)",
      "SubmittedAt": "2019-04-13T21:45:02+09:00",
      "SubmissionURL": {
        "Scheme": "https",
        "Opaque": "",
        "User": null,
        "Host": "atcoder.jp",
        "Path": "/contests/abc124/submissions/4952898",
        "RawPath": "",
        "OmitHost": false,
        "ForceQuery": false,
        "RawQuery": "",
        "Fragment": "",
        "RawFragment": ""
      }
    },
    {
      "SiteID": "atcoder",
      "ProblemID": "abc124_b",
      "SubmissionID": "4954638",
      "ContestID": "abc124",
      "Status": "AC",
      "Language": "C++14 (GCC 5.4.1)",
      "SubmittedAt": "2019-04-13T21:57:57+09:00",
      "SubmissionURL": {
        "Scheme": "https",
        "Opaque": "",
        "User": null,
        "Host": "atcoder.jp",
        "Path": "/contests/abc124/submissions/4954638",
        "RawPath": "",
        "OmitHost": false,
        "ForceQuery": false,
        "RawQuery": "",
        "Fragment": "",
        "RawFragment": ""
      }
    },
    {
      "SiteID": "atcoder",
      "ProblemID": "abc124_c",
      "SubmissionID": "4956863",
      "ContestID": "abc124",
      "Status": "AC",
      "Language": "C++14 (GCC 5.4.1)",
      "SubmittedAt": "2019-04-13T22:14:52+09:00",
      "SubmissionURL": {
        "Scheme": "https",
        "Opaque": "",
        "User": null,
        "Host": "atcoder.jp",
        "Path": "/contests/abc124/submissions/4956863",
        "RawPath": "",
        "OmitHost": false,
        "ForceQuery": false,
        "RawQuery": "",
        "Fragment": "",
        "RawFragment": ""
      }
    },
    {
      "SiteID": "atcoder",
      "ProblemID": "abc124_d",
      "SubmissionID": "4960321",
      "ContestID": "abc124",
      "Status": "WA",
      "Language": "C++14 (GCC 5.4.1)",
      "SubmittedAt": "2019-04-13T22:39:24+09:00",
      "SubmissionURL": {
        "Scheme": "https",
        "Opaque": "",
        "User": null,
        "Host": "atcoder.jp",
        "Path": "/contests/abc124/submissions/4960321",
        "RawPath": "",
        "OmitHost": false,
        "ForceQuery": false,
        "RawQuery": "",
        "Fragment": "",
        "RawFragment": ""
      }
    },
    {
      "SiteID": "atcoder",
      "ProblemID": "abc124_d",
      "SubmissionID": "4961499",
      "ContestID": "abc124",
      "Status": "WA",
      "Language": "C++14 (GCC 5.4.1)",
      "SubmittedAt": "2019-04-13T22:59:39+09:00",
      "SubmissionURL": {
        "Scheme": "https",
        "Opaque": "",
        "User": null,
        "Host": "atcoder.jp",
        "Path": "/contests/abc124/submissions/4961499",
        "RawPath": "",
        "OmitHost": false,
        "ForceQuery": false,
        "RawQuery": "",
        "Fragment": "",
        "RawFragment": ""
      }
    },
    {
      "SiteID": "atcoder",
      "ProblemID": "tenka1_2019_a",
      "SubmissionID": "5038618",
      "ContestID": "tenka1-2019-beginner",
      "Status": "AC",
      "Language": "C++14 (GCC 5.4.1)",
      "SubmittedAt": "2019-04-20T21:05:17+09:00",
      "SubmissionURL": {
        "Scheme": "https",
        "Opaque": "",
        "User": null,
        "Host": "atcoder.jp",
        "Path": "/contests/tenka1-2019-beginner/submissions/5038618",
        "RawPath": "",
        "OmitHost": false,
        "ForceQuery": false,
        "RawQuery": "",
        "Fragment": "",
        "RawFragment": ""
      }
    },
    {
      "SiteID": "atcoder",
      "ProblemID": "tenka1_2019_b",
      "SubmissionID": "5043605",
      "ContestID": "tenka1-2019-beginner",
      "Status": "AC",
      "Language": "C++14 (GCC 5.4.1)",
      "SubmittedAt": "2019-04-20T21:15:59+09:00",
      "SubmissionURL": {
        "Scheme": "https",
        "Opaque": "",
        "User": null,
        "Host": "atcoder.jp",
        "Path": "/contests/tenka1-2019-beginner/submissions/5043605",
        "RawPath": "",
        "OmitHost": false,
        "ForceQuery": false,
        "RawQuery": "",
        "Fragment": "",
        "RawFragment": ""
      }
    },
    {
      "SiteID": "atcoder",
      "ProblemID": "tenka1_2019_c",
      "SubmissionID": "5046541",
      "ContestID": "tenka1-2019-beginner",
      "Status": "RE",
      "Language": "C++14 (GCC 5.4.1)",
      "SubmittedAt": "2019-04-20T21:26:17+09:00",
      "SubmissionURL": {
        "Scheme": "https",
        "Opaque": "",
        "User": null,
        "Host": "atcoder.jp",
        "Path": "/contests/tenka1-2019-beginner/submissions/5046541",
        "RawPath": "",
        "OmitHost": false,
        "ForceQuery": false,
        "RawQuery": "",
        "Fragment": "",
        "RawFragment": ""
      }
    },
    {
      "SiteID": "atcoder",
      "ProblemID": "tenka1_2019_c",
      "SubmissionID": "5047184",
      "ContestID": "tenka1-2019-beginner",
      "Status": "WA",
      "Language": "C++14 (GCC 5.4.1)",
      "SubmittedAt": "2019-04-20T21:28:32+09:00",
      "SubmissionURL": {
        "Scheme": "https",
        "Opaque": "",
        "User": null,
        "Host": "atcoder.jp",
        "Path": "/contests/tenka1-2019-beginner/submissions/5047184",
        "RawPath": "",
        "OmitHost": false,
        "ForceQuery": false,
        "RawQuery": "",
        "Fragment": "",
        "RawFragment": ""
      }
    },
    {
      "SiteID": "atcoder",
      "ProblemID": "tenka1_2019_c",
      "SubmissionID": "5047584",
      "ContestID": "tenka1-2019-beginner",
      "Status": "WA",
      "Language": "C++14 (GCC 5.4.1)",
      "SubmittedAt": "2019-04-20T21:29:49+09:00",
      "SubmissionURL": {
        "Scheme": "https",
        "Opaque": "",
        "User": null,
        "Host": "atcoder.jp",
        "Path": "/contests/tenka1-2019-beginner/submissions/5047584",
        "RawPath": "",
        "OmitHost": false,
        "ForceQuery": false,
        "RawQuery": "",
        "Fragment": "",
        "RawFragment": ""
      }
    }
  ],
  "Paging": {
    "PageSize": 50,
    "TotalCount": 4194
  }
}