{
  "ItemList": [
    {
      "SiteID": "atcoder",
      "ProblemID": "abc131_a",
      "SubmissionID": "6055285",
      "ContestID": "abc131",
      "Status": "AC",
      "Language": "C++14 (GCC 5.4.1)",
      "SubmittedAt": "2019-06-22T21:05:00+09:00",
      "SubmissionURL": {
        "Scheme": "https",
        "Opaque": "",
        "User": null,
        "Host": "atcoder.jp",
        "Path": "/contests/abc131/submissions/6055285",
        "RawPath": "",
        "OmitHost": false,
        "ForceQuery": false,
        "RawQuery": "",
        "Fragment": "",
        "RawFragment": ""
      }
    },
    {
      "SiteID": "atcoder",
      "ProblemID": "abc131_b",
      "SubmissionID": "6064646",
      "ContestID": "abc131",
      "Status": "AC",
      "Language": "C++14 (GCC 5.4.1)",
      "SubmittedAt": "2019-06-22T21:27:54+09:00",
      "SubmissionURL": {
        "Scheme": "https",
        "Opaque": "",
        "User": null,
        "Host": "atcoder.jp",
        "Path": "/contests/abc131/submissions/6064646",
        "RawPath": "",
        "OmitHost": false,
        "ForceQuery": false,
        "RawQuery": "",
        "Fragment": "",
        "RawFragment": ""
      }
    },
    {
      "SiteID": "atcoder",
      "ProblemID": "abc131_c",
      "SubmissionID": "6068811",
      "ContestID": "abc131",
      "Status": "TLE",
      "Language": "C++14 (GCC 5.4.1)",
      "SubmittedAt": "2019-06-22T21:42:54+09:00",
      "SubmissionURL": {
        "Scheme": "https",
        "Opaque": "",
        "User": null,
        "Host": "atcoder.jp",
        "Path": "/contests/abc131/submissions/6068811",
        "RawPath": "",
        "OmitHost": false,
        "ForceQuery": false,
        "RawQuery": "",
        "Fragment": "",
        "RawFragment": ""
      }
    },
    {
      "SiteID": "atcoder",
      "ProblemID": "abc131_c",
      "SubmissionID": "6073319",
      "ContestID": "abc131",
      "Status": "WA",
      "Language": "C++14 (GCC 5.4.1)",
      "SubmittedAt": "2019-06-22T22:01:56+09:00",
      "SubmissionURL": {
        "Scheme": "https",
        "Opaque": "",
        "User": null,
        "Host": "atcoder.jp",
        "Path": "/contests/abc131/submissions/6073319",
        "RawPath": "",
        "OmitHost": false,
        "ForceQuery": false,
        "RawQuery": "",
        "Fragment": "",
        "RawFragment": ""
      }
    },
    {
      "SiteID": "atcoder",
      "ProblemID": "abc131_d",
      "SubmissionID": "6075891",
      "ContestID": "abc131",
      "Status": "RE",
      "Language": "C++14 (GCC 5.4.1)",
      "SubmittedAt": "2019-06-22T22:15:02+09:00",
      "SubmissionURL": {
        "Scheme": "https",
        "Opaque": "",
        "User": null,
        "Host": "atcoder.jp",
        "Path": "/contests/abc131/submissions/6075891",
        "RawPath": "",
        "OmitHost": false,
        "ForceQuery": false,
        "RawQuery": "",
        "Fragment": "",
        "RawFragment": ""
      }
    },
    {
      "SiteID": "atcoder",
      "ProblemID": "abc131_d",
      "SubmissionID": "6077073",
      "ContestID": "abc131",
      "Status": "WA",
      "Language": "C++14 (GCC 5.4.1)",
      "SubmittedAt": "2019-06-22T22:21:02+09:00",
      "SubmissionURL": {
        "Scheme": "https",
        "Opaque": "",
        "User": null,
        "Host": "atcoder.jp",
        "Path": "/contests/abc131/submissions/6077073",
        "RawPath": "",
        "OmitHost": false,
        "ForceQuery": false,
        "RawQuery": "",
        "Fragment": "",
        "RawFragment": ""
      }
    },
    {
      "SiteID": "atcoder",
      "ProblemID": "abc131_d",
      "SubmissionID": "6079924",
      "ContestID": "abc131",
      "Status": "WA",
      "Language": "C++14 (GCC 5.4.1)",
      "SubmittedAt": "2019-06-22T22:35:32+09:00",
      "SubmissionURL": {
        "Scheme": "https",
        "Opaque": "",
        "User": null,
        "Host": "atcoder.jp",
        "Path": "/contests/abc131/submissions/6079924",
        "RawPath": "",
        "OmitHost": false,
        "ForceQuery": false,
        "RawQuery": "",
        "Fragment": "",
        "RawFragment": ""
      }
    },
    {
      "SiteID": "atcoder",
      "ProblemID": "abc074_b",
      "SubmissionID": "6116976",
      "ContestID": "abc074",
      "Status": "WA",
      "Language": "C++14 (GCC 5.4.1)",
      "SubmittedAt": "2019-06-25T18:24:15+09:00",
      "SubmissionURL": {
        "Scheme": "https",
        "Opaque": "",
        "User": null,
        "Host": "atcoder.jp",
        "Path": "/contests/abc074/submissions/6116976",
        "RawPath": "",
        "OmitHost": false,
        "ForceQuery": false,
        "RawQuery": "",
        "Fragment": "",
        "RawFragment": ""
      }
    },
    {
      "SiteID": "atcoder",
      "ProblemID": "abc074_b",
      "SubmissionID": "6116986",
      "ContestID": "abc074",
      "Status": "AC",
      "Language": "C++14 (GCC 5.4.1)",
      "SubmittedAt": "2019-06-25T18:25:30+09:00",
      "SubmissionURL": {
        "Scheme": "https",
        "Opaque": "",
        "User": null,
        "Host": "atcoder.jp",
        "Path": "/contests/abc074/submissions/6116986",
        "RawPath": "",
        "OmitHost": false,
        "ForceQuery": false,
        "RawQuery": "",
        "Fragment": "",
        "RawFragment": ""
      }
    },
    {
      "SiteID": "atcoder",
      "ProblemID": "abc132_a",
      "SubmissionID": "6186492",
      "ContestID": "abc132",
      "Status": "AC",
      "Language": "C++14 (GCC 5.4.1)",
      "SubmittedAt": "2019-06-29T23:18:40+09:00",
      "SubmissionURL": {
        "Scheme": "https",
        "Opaque": "",
        "User": null,
        "Host": "atcoder.jp",
        "Path": "/contests/abc132/submissions/6186492",
        "RawPath": "",
        "OmitHost": false,
        "ForceQuery": false,
        "RawQuery": "",
        "Fragment": "",
        "RawFragment": ""
      }
    },
    {
      "SiteID": "atcoder",
      "ProblemID": "joi2019_yo_a",
      "SubmissionID": "6223294",
      "ContestID": "joi2019yo",
      "Status": "AC",
      "Language": "C++14 (GCC 5.4.1)",
      "SubmittedAt": "2019-07-03T15:12:18+09:00",
      "SubmissionURL": {
        "Scheme": "https",
        "Opaque": "",
        "User": null,
        "Host": "atcoder.jp",
        "Path": "/contests/joi2019yo/submissions/6223294",
        "RawPath": "",
        "OmitHost": false,
        "ForceQuery": false,
        "RawQuery": "",
        "Fragment": "",
        "RawFragment": ""
      }
    },
    {
      "SiteID": "atcoder",
      "ProblemID": "joi2018_yo_a",
      "SubmissionID": "6223403",
      "ContestID": "joi2018yo",
      "Status": "WA",
      "Language": "C (GCC 5.4.1)",
      "SubmittedAt": "2019-07-03T15:25:05+09:00",
      "SubmissionURL": {
        "Scheme": "https",
        "Opaque": "",
        "User": null,
        "Host": "atcoder.jp",
        "Path": "/contests/joi2018yo/submissions/6223403",
        "RawPath": "",
        "OmitHost": false,
        "ForceQuery": false,
        "RawQuery": "",
        "Fragment": "",
        "RawFragment": ""
      }
    },
    {
      "SiteID": "atcoder",
      "ProblemID": "joi2018_yo_a",
      "SubmissionID": "6223495",
      "ContestID": "joi2018yo",
      "Status": "AC",
      "Language": "C (GCC 5.4.1)",
      "SubmittedAt": "2019-07-03T15:34:33+09:00",
      "SubmissionURL": {
        "Scheme": "https",
        "Opaque": "",
        "User": null,
        "Host": "atcoder.jp",
        "Path": "/contests/joi2018yo/submissions/6223495",
        "RawPath": "",
        "OmitHost": false,
        "ForceQuery": false,
        "RawQuery": "",
        "Fragment": "",
        "RawFragment": ""
      }
    },
    {
      "SiteID": "atcoder",
      "ProblemID": "joi2017yo_a",
      "SubmissionID": "6223602",
      "ContestID": "joi2017yo",
      "Status": "AC",
      "Language": "C (GCC 5.4.1)",
      "SubmittedAt": "2019-07-03T15:44:50+09:00",
      "SubmissionURL": {
        "Scheme": "https",
        "Opaque": "",
        "User": null,
        "Host": "atcoder.jp",
        "Path": "/contests/joi2017yo/submissions/6223602",
        "RawPath": "",
        "OmitHost": false,
        "ForceQuery": false,
        "RawQuery": "",
        "Fragment": "",
        "RawFragment": ""
      }
    },
    {
      "SiteID": "atcoder",
      "ProblemID": "joi2016yo_a",
      "SubmissionID": "6223683",
      "ContestID": "joi2016yo",
      "Status": "AC",
      "Language": "C (GCC 5.4.1)",
      "SubmittedAt": "2019-07-03T15:53:46+09:00",
      "SubmissionURL": {
        "Scheme": "https",
        "Opaque": "",
        "User": null,
        "Host": "atcoder.jp",
        "Path": "/contests/joi2016yo/submissions/6223683",
        "RawPath": "",
        "OmitHost": false,
        "ForceQuery": false,
        "RawQuery": "",
        "Fragment": "",
        "RawFragment": ""
      }
    },
    {
      "SiteID": "atcoder",
      "ProblemID": "joi2015yo_a",
      "SubmissionID": "6223728",
      "ContestID": "joi2015yo",
      "Status": "AC",
      "Language": "C (GCC 5.4.1)",
      "SubmittedAt": "2019-07-03T15:59:41+09:00",
      "SubmissionURL": {
        "Scheme": "https",
        "Opaque": "",
        "User": null,
        "Host": "atcoder.jp",
        "Path": "/contests/joi2015yo/submissions/6223728",
        "RawPath": "",
        "OmitHost": false,
        "ForceQuery": false,
        "RawQuery": "",
        "Fragment": "",
        "RawFragment": ""
      }
    },
    {
      "SiteID": "atcoder",
      "ProblemID": "joi2014yo_a",
      "SubmissionID": "6223793",
      "ContestID": "joi2014yo",
      "Status": "AC",
      "Language": "C (GCC 5.4.1)",
      "SubmittedAt": "2019-07-03T16:05:24+09:00",
      "SubmissionURL": {
        "Scheme": "https",
        "Opaque": "",
        "User": null,
        "Host": "atcoder.jp",
        "Path": "/contests/joi2014yo/submissions/6223793",
        "RawPath": "",
        "OmitHost": false,
        "ForceQuery": false,
        "RawQuery": "",
        "Fragment": "",
        "RawFragment": ""
      }
    },
    {
      "SiteID": "atcoder",
      "ProblemID": "joi2013yo_a",
      "SubmissionID": "6223873",
      "ContestID": "joi2013yo",
      "Status": "AC",
      "Language": "C (GCC 5.4.1)",
      "SubmittedAt": "2019-07-03T16:13:40+09:00",
      "SubmissionURL": {
        "Scheme": "https",
        "Opaque": "",
        "User": null,
        "Host": "atcoder.jp",
        "Path": "/contests/joi2013yo/submissions/6223873",
        "RawPath": "",
        "OmitHost": false,
        "ForceQuery": false,
        "RawQuery": "",
        "Fragment": "",
        "RawFragment": ""
      }
    },
    {
      "SiteID": "atcoder",
      "ProblemID": "joi2012yo_a",
      "SubmissionID": "6223959",
      "ContestID": "joi2012yo",
      "Status": "AC",
      "Language": "C (GCC 5.4.1)",
      "SubmittedAt": "2019-07-03T16:20:38+09:00",
      "SubmissionURL": {
        "Scheme": "https",
        "Opaque": "",
        "User": null,
        "Host": "atcoder.jp",
        "Path": "/contests/joi2012yo/submissions/6223959",
        "RawPath": "",
        "OmitHost": false,
        "ForceQuery": false,
        "RawQuery": "",
        "Fragment": "",
        "RawFragment": ""
      }
    },
    {
      "SiteID": "atcoder",
      "ProblemID": "joi2011yo_a",
      "SubmissionID": "6224019",
      "ContestID": "joi2011yo",
      "Status": "AC",
      "Language": "C (GCC 5.4.1)",
      "SubmittedAt": "2019-07-03T16:25:37+09:00",
      "SubmissionURL": {
        "Scheme": "https",
        "Opaque": "",
        "User": null,
        "Host": "atcoder.jp",
        "Path": "/contests/joi2011yo/submissions/6224019",
        "RawPath": "",
        "OmitHost": false,
        "ForceQuery": false,
        "RawQuery": "",
        "Fragment": "",
        "RawFragment": ""
      }
    },
    {
      "SiteID": "atcoder",
      "ProblemID": "joi2010yo_a",
      "SubmissionID": "6224065",
      "ContestID": "joi2010yo",
      "Status": "AC",
      "Language": "C (GCC 5.4.1)",
      "SubmittedAt": "2019-07-03T16:29:16+09:00",
      "SubmissionURL": {
        "Scheme": "https",
        "Opaque": "",
        "User": null,
        "Host": "atcoder.jp",
        "Path": "/contests/joi2010yo/submissions/6224065",
        "RawPath": "",
        "OmitHost": false,
        "ForceQuery": false,
        "RawQuery": "",
        "Fragment": "",
        "RawFragment": ""
      }
    },
    {
      "SiteID": "atcoder",
      "ProblemID": "joi2019_yo_b",
      "SubmissionID": "6234683",
      "ContestID": "joi2019yo",
      "Status": "AC",
      "Language": "C++14 (GCC 5.4.1)",
      "SubmittedAt": "2019-07-04T17:30:56+09:00",
      "SubmissionURL": {
        "Scheme": "https",
        "Opaque": "",
        "User": null,
        "Host": "atcoder.jp",
        "Path": "/contests/joi2019yo/submissions/6234683",
        "RawPath": "",
        "OmitHost": false,
        "ForceQuery": false,
        "RawQuery": "",
        "Fragment": "",
        "RawFragment": ""
      }
    },
    {
      "SiteID": "atcoder",
      "ProblemID": "joi2018_yo_b",
      "SubmissionID": "6234931",
      "ContestID": "joi2018yo",
      "Status": "AC",
      "Language": "C++14 (GCC 5.4.1)",
      "SubmittedAt": "2019-07-04T17:57:55+09:00",
      "SubmissionURL": {
        "Scheme": "https",
        "Opaque": "",
        "User": null,
        "Host": "atcoder.jp",
        "Path": "/contests/joi2018yo/submissions/6234931",
        "RawPath": "",
        "OmitHost": false,
        "ForceQuery": false,
        "RawQuery": "",
        "Fragment": "",
        "RawFragment": ""
      }
    },
    {
      "SiteID": "atcoder",
      "ProblemID": "abc100_a",
      "SubmissionID": "6257264",
      "ContestID": "abc100",
      "Status": "WA",
      "Language": "C++14 (GCC 5.4.1)",
      "SubmittedAt": "2019-07-07T00:41:12+09:00",
      "SubmissionURL": {
        "Scheme": "https",
        "Opaque": "",
        "User": null,
        "Host": "atcoder.jp",
        "Path": "/contests/abc100/submissions/6257264",
        "RawPath": "",
        "OmitHost": false,
        "ForceQuery": false,
        "RawQuery": "",
        "Fragment": "",
        "RawFragment": ""
      }
    },
    {
      "SiteID": "atcoder",
      "ProblemID": "abc100_a",
      "SubmissionID": "6257270",
      "ContestID": "abc100",
      "Status": "AC",
      "Language": "C++14 (GCC 5.4.1)",
      "SubmittedAt": "2019-07-07T00:41:58+09:00",
      "SubmissionURL": {
        "Scheme": "https",
        "Opaque": "",
        "User": null,
        "Host": "atcoder.jp",
        "Path": "/contests/abc100/submissions/6257270",
        "RawPath": "",
        "OmitHost": false,
        "ForceQuery": false,
        "RawQuery": "",
        "Fragment": "",
        "RawFragment": ""
      }
    },
    {
      "SiteID": "atcoder",
      "ProblemID": "abc099_a",
      "SubmissionID": "6257294",
      "ContestID": "abc099",
      "Status": "AC",
      "Language": "C++14 (GCC 5.4.1)",
      "SubmittedAt": "2019-07-07T00:44:48+09:00",
      "SubmissionURL": {
        "Scheme": "https",
        "Opaque": "",
        "User": null,
        "Host": "atcoder.jp",
        "Path": "/contests/abc099/submissions/6257294",
        "RawPath": "",
        "OmitHost": false,
        "ForceQuery": false,
        "RawQuery": "",
        "Fragment": "",
        "RawFragment": ""
      }
    },
    {
      "SiteID": "atcoder",
      "ProblemID": "abc099_b",
      "SubmissionID": "6257368",
      "ContestID": "abc099",
      "Status": "WA",
      "Language": "C++14 (GCC 5.4.1)",
      "SubmittedAt": "2019-07-07T00:56:20+09:00",
      "SubmissionURL": {
        "Scheme": "https",
        "Opaque": "",
        "User": null,
        "Host": "atcoder.jp",
        "Path": "/contests/abc099/submissions/6257368",
        "RawPath": "",
        "OmitHost": false,
        "ForceQuery": false,
        "RawQuery": "",
        "Fragment": "",
        "RawFragment": ""
      }
    },
    {
      "SiteID": "atcoder",
      "ProblemID": "abc099_b",
      "SubmissionID": "6257381",
      "ContestID": "abc099",
      "Status": "WA",
      "Language": "C++14 (GCC 5.4.1)",
      "SubmittedAt": "2019-07-07T00:57:47+09:00",
      "SubmissionURL": {
        "Scheme": "https",
        "Opaque": "",
        "User": null,
        "Host": "atcoder.jp",
        "Path": "/contests/abc099/submissions/6257381",
        "RawPath": "",
        "OmitHost": false,
        "ForceQuery": false,
        "RawQuery": "",
        "Fragment": "",
        "RawFragment": ""
      }
    },
    {
      "SiteID": "atcoder",
      "ProblemID": "abc099_b",
      "SubmissionID": "6257462",
      "ContestID": "abc099",
      "Status": "CE",
      "Language": "C++14 (GCC 5.4.1)",
      "SubmittedAt": "2019-07-07T01:08:37+09:00",
      "SubmissionURL": {
        "Scheme": "https",
        "Opaque": "",
        "User": null,
        "Host": "atcoder.jp",
        "Path": "/contests/abc099/submissions/6257462",
        "RawPath": "",
        "OmitHost": false,
        "ForceQuery": false,
        "RawQuery": "",
        "Fragment": "",
        "RawFragment": ""
      }
    },
    {
      "SiteID": "atcoder",
      "ProblemID": "abc099_b",
      "SubmissionID": "6257465",
      "ContestID": "abc099",
      "Status": "WA",
      "Language": "C++14 (GCC 5.4.1)",
      "SubmittedAt": "2019-07-07T01:09:22+09:00",
      "SubmissionURL": {
        "Scheme": "https",
        "Opaque": "",
        "User": null,
        "Host": "atcoder.jp",
        "Path": "/contests/abc099/submissions/6257465",
        "RawPath": "",
        "OmitHost": false,
        "ForceQuery": false,
        "RawQuery": "",
        "Fragment": "",
        "RawFragment": ""
      }
    },
    {
      "SiteID": "atcoder",
      "ProblemID": "abc099_b",
      "SubmissionID": "6257513",
      "ContestID": "abc099",
      "Status": "AC",
      "Language": "C++14 (GCC 5.4.1)",
      "SubmittedAt": "2019-07-07T01:15:25+09:00",
      "SubmissionURL": {
        "Scheme": "https",
        "Opaque": "",
        "User": null,
        "Host": "atcoder.jp",
        "Path": "/contests/abc099/submissions/6257513",
        "RawPath": "",
        "OmitHost": false,
        "ForceQuery": false,
        "RawQuery": "",
        "Fragment": "",
        "RawFragment": ""
      }
    },
    {
      "SiteID": "atcoder",
      "ProblemID": "abc133_a",
      "SubmissionID": "6266711",
      "ContestID": "abc133",
      "Status": "AC",
      "Language": "C++14 (GCC 5.4.1)",
      "SubmittedAt": "2019-07-07T21:01:35+09:00",
      "SubmissionURL": {
        "Scheme": "https",
        "Opaque": "",
        "User": null,
        "Host": "atcoder.jp",
        "Path": "/contests/abc133/submissions/6266711",
        "RawPath": "",
        "OmitHost": false,
        "ForceQuery": false,
        "RawQuery": "",
        "Fragment": "",
        "RawFragment": ""
      }
    },
    {
      "SiteID": "atcoder",
      "ProblemID": "abc133_b",
      "SubmissionID": "6293652",
      "ContestID": "abc133",
      "Status": "AC",
      "Language": "C++14 (GCC 5.4.1)",
      "SubmittedAt": "2019-07-07T22:24:55+09:00",
      "SubmissionURL": {
        "Scheme": "https",
        "Opaque": "",
        "User": null,
        "Host": "atcoder.jp",
        "Path": "/contests/abc133/submissions/6293652",
        "RawPath": "",
        "OmitHost": false,
        "ForceQuery": false,
        "RawQuery": "",
        "Fragment": "",
        "RawFragment": ""
      }
    },
    {
      "SiteID": "atcoder",
      "ProblemID": "abc133_c",
      "SubmissionID": "6298131",
      "ContestID": "abc133",
      "Status": "WA",
      "Language": "C++14 (GCC 5.4.1)",
      "SubmittedAt": "2019-07-07T22:46:09+09:00",
      "SubmissionURL": {
        "Scheme": "https",
        "Opaque": "",
        "User": null,
        "Host": "atcoder.jp",
        "Path": "/contests/abc133/submissions/6298131",
        "RawPath": "",
        "OmitHost": false,
        "ForceQuery": false,
        "RawQuery": "",
        "Fragment": "",
        "RawFragment": ""
      }
    },
    {
      "SiteID": "atcoder",
      "ProblemID": "joi2007yo_b",
      "SubmissionID": "6310747",
      "ContestID": "joi2007yo",
      "Status": "AC",
      "Language": "C++14 (GCC 5.4.1)",
      "SubmittedAt": "2019-07-08T18:05:13+09:00",
      "SubmissionURL": {
        "Scheme": "https",
        "Opaque": "",
        "User": null,
        "Host": "atcoder.jp",
        "Path": "/contests/joi2007yo/submissions/6310747",
        "RawPath": "",
        "OmitHost": false,
        "ForceQuery": false,
        "RawQuery": "",
        "Fragment": "",
        "RawFragment": ""
      }
    },
    {
      "SiteID": "atcoder",
      "ProblemID": "joi2015yo_b",
      "SubmissionID": "6322126",
      "ContestID": "joi2015yo",
      "Status": "AC",
      "Language": "C++14 (GCC 5.4.1)",
      "SubmittedAt": "2019-07-09T18:56:25+09:00",
      "SubmissionURL": {
        "Scheme": "https",
        "Opaque": "",
        "User": null,
        "Host": "atcoder.jp",
        "Path": "/contests/joi2015yo/submissions/6322126",
        "RawPath": "",
        "OmitHost": false,
        "ForceQuery": false,
        "RawQuery": "",
        "Fragment": "",
        "RawFragment": ""
      }
    },
    {
      "SiteID": "atcoder",
      "ProblemID": "joi2007yo_c",
      "SubmissionID": "6341074",
      "ContestID": "joi2007yo",
      "Status": "WA",
      "Language": "C++14 (GCC 5.4.1)",
      "SubmittedAt": "2019-07-11T17:16:49+09:00",
      "SubmissionURL": {
        "Scheme": "https",
        "Opaque": "",
        "User": null,
        "Host": "atcoder.jp",
        "Path": "/contests/joi2007yo/submissions/6341074",
        "RawPath": "",
        "OmitHost": false,
        "ForceQuery": false,
        "RawQuery": "",
        "Fragment": "",
        "RawFragment": ""
      }
    },
    {
      "SiteID": "atcoder",
      "ProblemID": "joi2007yo_c",
      "SubmissionID": "6341168",
      "ContestID": "joi2007yo",
      "Status": "CE",
      "Language": "C++14 (GCC 5.4.1)",
      "SubmittedAt": "2019-07-11T17:26:56+09:00",
      "SubmissionURL": {
        "Scheme": "https",
        "Opaque": "",
        "User": null,
        "Host": "atcoder.jp",
        "Path": "/contests/joi2007yo/submissions/6341168",
        "RawPath": "",
        "OmitHost": false,
        "ForceQuery": false,
        "RawQuery": "",
        "Fragment": "",
        "RawFragment": ""
      }
    },
    {
      "SiteID": "atcoder",
      "ProblemID": "joi2007yo_c",
      "SubmissionID": "6341176",
      "ContestID": "joi2007yo",
      "Status": "WA",
      "Language": "C++14 (GCC 5.4.1)",
      "SubmittedAt": "2019-07-11T17:27:47+09:00",
      "SubmissionURL": {
        "Scheme": "https",
        "Opaque": "",
        "User": null,
        "Host": "atcoder.jp",
        "Path": "/contests/joi2007yo/submissions/6341176",
        "RawPath": "",
        "OmitHost": false,
        "ForceQuery": false,
        "RawQuery": "",
        "Fragment": "",
        "RawFragment": ""
      }
    },
    {
      "SiteID": "atcoder",
      "ProblemID": "joi2007yo_c",
      "SubmissionID": "6341204",
      "ContestID": "joi2007yo",
      "Status": "WA",
      "Language": "C++14 (GCC 5.4.1)",
      "SubmittedAt": "2019-07-11T17:30:36+09:00",
      "SubmissionURL": {
        "Scheme": "https",
        "Opaque": "",
        "User": null,
        "Host": "atcoder.jp",
        "Path": "/contests/joi2007yo/submissions/6341204",
        "RawPath": "",
        "OmitHost": false,
        "ForceQuery": false,
        "RawQuery": "",
        "Fragment": "",
        "RawFragment": ""
      }
    },
    {
      "SiteID": "atcoder",
      "ProblemID": "joi2007yo_c",
      "SubmissionID": "6341220",
      "ContestID": "joi2007yo",
      "Status": "AC",
      "Language": "C++14 (GCC 5.4.1)",
      "SubmittedAt": "2019-07-11T17:32:11+09:00",
      "SubmissionURL": {
        "Scheme": "https",
        "Opaque": "",
        "User": null,
        "Host": "atcoder.jp",
        "Path": "/contests/joi2007yo/submissions/6341220",
        "RawPath": "",
        "OmitHost": false,
        "ForceQuery": false,
        "RawQuery": "",
        "Fragment": "",
        "RawFragment": ""
      }
    },
    {
      "SiteID": "atcoder",
      "ProblemID": "joi2008yo_b",
      "SubmissionID": "6341350",
      "ContestID": "joi2008yo",
      "Status": "AC",
      "Language": "C++14 (GCC 5.4.1)",
      "SubmittedAt": "2019-07-11T17:45:08+09:00",
      "SubmissionURL": {
        "Scheme": "https",
        "Opaque": "",
        "User": null,
        "Host": "atcoder.jp",
        "Path": "/contests/joi2008yo/submissions/6341350",
        "RawPath": "",
        "OmitHost": false,
        "ForceQuery": false,
        "RawQuery": "",
        "Fragment": "",
        "RawFragment": ""
      }
    },
    {
      "SiteID": "atcoder",
      "ProblemID": "joi2009yo_b",
      "SubmissionID": "6341787",
      "ContestID": "joi2009yo",
      "Status": "WA",
      "Language": "C++14 (GCC 5.4.1)",
      "SubmittedAt": "2019-07-11T18:35:16+09:00",
      "SubmissionURL": {
        "Scheme": "https",
        "Opaque": "",
        "User": null,
        "Host": "atcoder.jp",
        "Path": "/contests/joi2009yo/submissions/6341787",
        "RawPath": "",
        "OmitHost": false,
        "ForceQuery": false,
        "RawQuery": "",
        "Fragment": "",
        "RawFragment": ""
      }
    },
    {
      "SiteID": "atcoder",
      "ProblemID": "joi2009yo_b",
      "SubmissionID": "6341808",
      "ContestID": "joi2009yo",
      "Status": "AC",
      "Language": "C++14 (GCC 5.4.1)",
      "SubmittedAt": "2019-07-11T18:37:34+09:00",
      "SubmissionURL": {
        "Scheme": "https",
        "Opaque": "",
        "User": null,
        "Host": "atcoder.jp",
        "Path": "/contests/joi2009yo/submissions/6341808",
        "RawPath": "",
        "OmitHost": false,
        "ForceQuery": false,
        "RawQuery": "",
        "Fragment": "",
        "RawFragment": ""
      }
    },
    {
      "SiteID": "atcoder",
      "ProblemID": "joi2013yo_b",
      "SubmissionID": "6341868",
      "ContestID": "joi2013yo",
      "Status": "WA",
      "Language": "C++14 (GCC 5.4.1)",
      "SubmittedAt": "2019-07-11T18:47:36+09:00",
      "SubmissionURL": {
        "Scheme": "https",
        "Opaque": "",
        "User": null,
        "Host": "atcoder.jp",
        "Path": "/contests/joi2013yo/submissions/6341868",
        "RawPath": "",
        "OmitHost": false,
        "ForceQuery": false,
        "RawQuery": "",
        "Fragment": "",
        "RawFragment": ""
      }
    },
    {
      "SiteID": "atcoder",
      "ProblemID": "joi2017yo_b",
      "SubmissionID": "6344606",
      "ContestID": "joi2017yo",
      "Status": "WA",
      "Language": "C++14 (GCC 5.4.1)",
      "SubmittedAt": "2019-07-11T23:48:16+09:00",
      "SubmissionURL": {
        "Scheme": "https",
        "Opaque": "",
        "User": null,
        "Host": "atcoder.jp",
        "Path": "/contests/joi2017yo/submissions/6344606",
        "RawPath": "",
        "OmitHost": false,
        "ForceQuery": false,
        "RawQuery": "",
        "Fragment": "",
        "RawFragment": ""
      }
    },
    {
      "SiteID": "atcoder",
      "ProblemID": "joi2013yo_b",
      "SubmissionID": "6348699",
      "ContestID": "joi2013yo",
      "Status": "AC",
      "Language": "C++14 (GCC 5.4.1)",
      "SubmittedAt": "2019-07-12T14:54:54+09:00",
      "SubmissionURL": {
        "Scheme": "https",
        "Opaque": "",
        "User": null,
        "Host": "atcoder.jp",
        "Path": "/contests/joi2013yo/submissions/6348699",
        "RawPath": "",
        "OmitHost": false,
        "ForceQuery": false,
        "RawQuery": "",
        "Fragment": "",
        "RawFragment": ""
      }
    },
    {
      "SiteID": "atcoder",
      "ProblemID": "joi2016yo_b",
      "SubmissionID": "6348926",
      "ContestID": "joi2016yo",
      "Status": "AC",
      "Language": "C++14 (GCC 5.4.1)",
      "SubmittedAt": "2019-07-12T15:21:41+09:00",
      "SubmissionURL": {
        "Scheme": "https",
        "Opaque": "",
        "User": null,
        "Host": "atcoder.jp",
        "Path": "/contests/joi2016yo/submissions/6348926",
        "RawPath": "",
        "OmitHost": false,
        "ForceQuery": false,
        "RawQuery": "",
        "Fragment": "",
        "RawFragment": ""
      }
    },
    {
      "SiteID": "atcoder",
      "ProblemID": "joi2017yo_b",
      "SubmissionID": "6349034",
      "ContestID": "joi2017yo",
      "Status": "AC",
      "Language": "C++14 (GCC 5.4.1)",
      "SubmittedAt": "2019-07-12T15:33:46+09:00",
      "SubmissionURL": {
        "Scheme": "https",
        "Opaque": "",
        "User": null,
        "Host": "atcoder.jp",
        "Path": "/contests/joi2017yo/submissions/6349034",
        "RawPath": "",
        "OmitHost": false,
        "ForceQuery": false,
        "RawQuery": "",
        "Fragment": "",
        "RawFragment": ""
      }
    },
    {
      "SiteID": "atcoder",
      "ProblemID": "joi2007yo_d",
      "SubmissionID": "6349834",
      "ContestID": "joi2007yo",
      "Status": "WA",
      "Language": "C++14 (GCC 5.4.1)",
      "SubmittedAt": "2019-07-12T16:53:27+09:00",
      "SubmissionURL": {
        "Scheme": "https",
        "Opaque": "",
        "User": null,
        "Host": "atcoder.jp",
        "Path": "/contests/joi2007yo/submissions/6349834",
        "RawPath": "",
        "OmitHost": false,
        "ForceQuery": false,
        "RawQuery": "",
        "Fragment": "",
        "RawFragment": ""
      }
    }
  ],
  "Paging": {
    "PageSize": 50,
    "TotalCount": 3948
  }
}