{
  "ItemList": [],
  "Paging": {
    "PageSize": 50,
    "TotalCount": 3694
  }
}