{
  "ItemList": [],
  "Paging": {
    "PageSize": 3662,
    "TotalCount": 0
  }
}